>>> BaseGeometry = __import__('7-base_geometry').BaseGeometry
>>> a = BaseGeometry()
>>> a = BaseGeometry('ololo')
Traceback (most recent call last):
TypeError: object() takes no parameters
>>> a.area()
Traceback (most recent call last):
Exception: area() is not implemented
>>> a.area('1')
Traceback (most recent call last):
TypeError: area() takes 1 positional argument but 2 were given
>>> a.integer_validator()
Traceback (most recent call last):
TypeError: integer_validator() missing 2 required positional arguments: 'name' and 'value'
>>> a.integer_validator('1' , 2 ,3)
Traceback (most recent call last):
TypeError: integer_validator() takes 3 positional arguments but 4 were given
>>> a.integer_validator('Lol', 'troll')
Traceback (most recent call last):
TypeError: Lol must be an integer
>>> a.integer_validator('Lol', 0)
Traceback (most recent call last):
ValueError: Lol must be greater than 0
>>> a.integer_validator('Lol', 1)
